<?xml version="1.0" encoding="utf-8"?><testsuites name="pytest tests"><testsuite name="pytest" errors="0" failures="0" skipped="0" tests="20" time="0.959" timestamp="2025-10-29T21:56:47.971027-05:00" hostname="BOGLAPJO-03"><testcase classname="tests.test_image_text_matcher" name="test_choose_best_image_simple" time="0.001" /><testcase classname="tests.test_integration_generator" name="test_dedicated_image_slide_fallback" time="0.643" /><testcase classname="tests.test_integration_pptx" name="test_generate_pptx_integration" time="0.071" /><testcase classname="tests.test_layout_engine" name="test_decide_layout_text_only_when_no_image" time="0.000" /><testcase classname="tests.test_layout_engine" name="test_decide_layout_image_only_for_short_text" time="0.001" /><testcase classname="tests.test_layout_engine" name="test_decide_layout_split_for_moderate_text" time="0.000" /><testcase classname="tests.test_overlap_reflow" name="test_adjust_no_overlap" time="0.007" /><testcase classname="tests.test_overlap_reflow" name="test_move_right_available" time="0.011" /><testcase classname="tests.test_overlap_reflow" name="test_shrink_to_fit_above" time="0.009" /><testcase classname="tests.test_overlap_reflow" name="test_no_space_returns_none" time="0.061" /><testcase classname="tests.test_selection_combination" name="test_combination_default_weights" time="0.011" /><testcase classname="tests.test_selection_combination" name="test_combination_tfidf_disabled" time="0.012" /><testcase classname="tests.test_selection_combination" name="test_zero_weights_fallback" time="0.010" /><testcase classname="tests.test_selection_weights" name="test_env_parsing_and_weights" time="0.049" /><testcase classname="tests.test_units_helpers" name="test_emu_to_inches_and_back" time="0.009" /><testcase classname="tests.test_units_helpers" name="test_px_size_from_inches_float_and_object" time="0.012" /><testcase classname="tests.test_units_helpers" name="test_round_trip_small_values" time="0.011" /><testcase classname="tests.test_weather" name="test_get_current_weather_basic" time="0.001" /><testcase classname="tests.test_weather" name="test_get_current_weather_empty_location" time="0.000" /><testcase classname="tests.test_weather" name="test_observed_at_format" time="0.000" /></testsuite></testsuites>